2026-05-31 12:56:50,067 [INFO] Configuration loaded from wingman/config.yaml
2026-05-31 12:56:50,071 [INFO] Capture mode enabled: path=PATH1_LIVE, screenshots=tests\test-output\live_capture_path1, mode=non-strict
2026-05-31 12:56:50,071 [INFO] OCR mode: CPU
2026-05-31 12:56:50,073 [INFO] Unattended mode enabled from config
2026-05-31 12:56:50,102 [INFO] Initialized ThreadPoolExecutor with 13 workers for parallel OCR
2026-05-31 12:56:50,102 [DEBUG] OCR worker pre-warm submitted (13 tasks)
2026-05-31 12:56:51,825 [INFO] OCR thread 21708: initialized EasyOCR reader (CPU)
2026-05-31 12:56:55,276 [INFO] OCR thread 16000: initialized EasyOCR reader (CPU)
2026-05-31 12:56:55,323 [DEBUG] Analyzer: UNREADY not found
2026-05-31 12:56:55,323 [INFO] Analyzer: 'PLAY' detected in PLAY crop (text='PLAY')
2026-05-31 12:56:55,323 [INFO] [96m🎮 Game state: UNKNOWN → GAME_UNKNOWN[0m
2026-05-31 12:56:58,018 [INFO] OCR thread 26184: initialized EasyOCR reader (CPU)
2026-05-31 12:56:59,166 [DEBUG] Analyzer: UNREADY not found
2026-05-31 12:56:59,166 [INFO] Analyzer: 'PLAY' detected in PLAY crop (text='PLAY')
2026-05-31 12:56:59,166 [DEBUG] Executed machine preparation callbacks before conditions.
2026-05-31 12:56:59,166 [DEBUG] Initiating transition from state GAME_UNKNOWN to state GAME_LOBBY...
2026-05-31 12:56:59,166 [DEBUG] Executed callbacks before conditions.
2026-05-31 12:56:59,167 [DEBUG] Executed callback before transition.
2026-05-31 12:56:59,167 [DEBUG] Exiting state GAME_UNKNOWN. Processing callbacks...
2026-05-31 12:56:59,167 [INFO] Finished processing state GAME_UNKNOWN exit callbacks.
2026-05-31 12:56:59,167 [DEBUG] Entering state GAME_LOBBY. Processing callbacks...
2026-05-31 12:56:59,168 [INFO] Executed callback 'on_enter_GAME_LOBBY'
2026-05-31 12:56:59,168 [INFO] Finished processing state GAME_LOBBY enter callbacks.
2026-05-31 12:56:59,168 [DEBUG] Executed callback after transition.
2026-05-31 12:56:59,168 [DEBUG] Executed machine finalize callbacks
2026-05-31 12:56:59,168 [INFO] [91mController: cancel_mission called[0m
2026-05-31 12:56:59,168 [DEBUG] Controller: weapon loop not running
2026-05-31 12:56:59,169 [INFO] FSM: GAME_UNKNOWN classified as GAME_LOBBY via unknown_to_lobby_detected
2026-05-31 12:56:59,369 [INFO] [96m🎮 Game state: GAME_UNKNOWN → GAME_LOBBY[0m
2026-05-31 12:56:59,369 [INFO] [91mController: cancel_mission called[0m
2026-05-31 12:56:59,385 [DEBUG] Controller: weapon loop not running
2026-05-31 12:56:59,420 [DEBUG] Click-to background thread started
2026-05-31 12:56:59,420 [INFO] Lobby quick-scan background thread started
2026-05-31 12:57:00,740 [INFO] OCR thread 20360: initialized EasyOCR reader (CPU)
2026-05-31 12:57:03,542 [INFO] [93m📋 Lobby quick-scan: PLAY detected (text='PLAY') — clicking[0m
2026-05-31 12:57:03,544 [DEBUG] Executed machine preparation callbacks before conditions.
2026-05-31 12:57:03,544 [DEBUG] Initiating transition from state GAME_LOBBY to state GAME_WAITING...
2026-05-31 12:57:03,544 [DEBUG] Executed callbacks before conditions.
2026-05-31 12:57:03,544 [DEBUG] Executed callback before transition.
2026-05-31 12:57:03,544 [DEBUG] Exiting state GAME_LOBBY. Processing callbacks...
2026-05-31 12:57:03,544 [INFO] Finished processing state GAME_LOBBY exit callbacks.
2026-05-31 12:57:03,544 [DEBUG] Entering state GAME_WAITING. Processing callbacks...
2026-05-31 12:57:03,544 [INFO] Finished processing state GAME_WAITING enter callbacks.
2026-05-31 12:57:03,544 [DEBUG] Executed callback after transition.
2026-05-31 12:57:03,544 [DEBUG] Executed machine finalize callbacks
2026-05-31 12:57:03,546 [DEBUG] Lobby quick-scan: lobby batch completed in 3.11s
2026-05-31 12:57:03,546 [DEBUG] Lobby quick-scan: popup scan suppressed for 5.0s after PLAY/READY click
2026-05-31 12:57:03,546 [DEBUG] Lobby quick-scan: cycle completed in 3.11s
2026-05-31 12:57:03,546 [INFO] [93m📋 Clicking PLAY at (2415, 2693) [monitor 1 offset 777,1600] x1[0m
2026-05-31 12:57:03,729 [INFO] OCR thread 25624: initialized EasyOCR reader (CPU)
2026-05-31 12:57:03,960 [INFO] [96m🎮 Game state: GAME_LOBBY → GAME_WAITING[0m
2026-05-31 12:57:05,244 [INFO] [92m✓ Lobby quick-scan: CANCEL detected in GAME_WAITING (text='CANCEL') → GAME_STARTING[0m
2026-05-31 12:57:05,244 [DEBUG] Executed machine preparation callbacks before conditions.
2026-05-31 12:57:05,244 [DEBUG] Initiating transition from state GAME_WAITING to state GAME_STARTING...
2026-05-31 12:57:05,244 [DEBUG] Executed callbacks before conditions.
2026-05-31 12:57:05,244 [DEBUG] Executed callback before transition.
2026-05-31 12:57:05,244 [DEBUG] Exiting state GAME_WAITING. Processing callbacks...
2026-05-31 12:57:05,244 [INFO] Finished processing state GAME_WAITING exit callbacks.
2026-05-31 12:57:05,244 [DEBUG] Entering state GAME_STARTING. Processing callbacks...
2026-05-31 12:57:05,244 [INFO] Executed callback 'on_enter_GAME_STARTING'
2026-05-31 12:57:05,244 [INFO] Finished processing state GAME_STARTING enter callbacks.
2026-05-31 12:57:05,244 [DEBUG] Executed callback after transition.
2026-05-31 12:57:05,244 [DEBUG] Executed machine finalize callbacks
2026-05-31 12:57:05,246 [DEBUG] Lobby quick-scan: lobby batch completed in 0.69s
2026-05-31 12:57:05,246 [DEBUG] Lobby quick-scan: popup scan suppressed for 3.3s after PLAY/READY click
2026-05-31 12:57:05,246 [DEBUG] Lobby quick-scan: cycle completed in 0.69s
2026-05-31 12:57:05,246 [INFO] Controller: game_starting loop started - pressing 'u' key every 5s until 'Good Luck' detected
2026-05-31 12:57:05,480 [INFO] Controller: game_starting - pressed 'u' key
2026-05-31 12:57:05,673 [INFO] [96m🎮 Game state: GAME_WAITING → GAME_STARTING[0m
2026-05-31 12:57:07,356 [DEBUG] Analyzer: 'Good Luck' not found in good_luck crop
2026-05-31 12:57:07,386 [INFO] OCR thread 28036: initialized EasyOCR reader (CPU)
2026-05-31 12:57:09,680 [INFO] OCR thread 27960: initialized EasyOCR reader (CPU)
2026-05-31 12:57:10,918 [INFO] Controller: game_starting - pressed 'u' key
2026-05-31 12:57:12,640 [DEBUG] Analyzer: 'Good Luck' not found in good_luck crop
2026-05-31 12:57:12,667 [INFO] OCR thread 8464: initialized EasyOCR reader (CPU)
2026-05-31 12:57:14,791 [INFO] OCR thread 13064: initialized EasyOCR reader (CPU)
2026-05-31 12:57:15,337 [INFO] Controller: game_starting health-scan fallback armed (10s gate)
2026-05-31 12:57:16,202 [INFO] Controller: game_starting - pressed 'u' key
2026-05-31 12:57:17,105 [INFO] OCR thread 15020: initialized EasyOCR reader (CPU)
2026-05-31 12:57:17,470 [INFO] Analyzer: 'Good Luck' detected in good_luck crop (text='GOODLUCKL')
2026-05-31 12:57:17,472 [INFO] [92mController: 'Good Luck' detected - waiting 13s before starting 'u' mission[0m
2026-05-31 12:57:19,390 [INFO] OCR thread 17584: initialized EasyOCR reader (CPU)
2026-05-31 12:57:21,414 [INFO] OCR thread 16708: initialized EasyOCR reader (CPU)
2026-05-31 12:57:23,476 [INFO] OCR thread 7136: initialized EasyOCR reader (CPU)
2026-05-31 12:57:30,559 [INFO] Controller: game_starting - launching J20 mission
2026-05-31 12:57:30,559 [DEBUG] Executed machine preparation callbacks before conditions.
2026-05-31 12:57:30,559 [DEBUG] Initiating transition from state GAME_STARTING to state GAME_BATTLE...
2026-05-31 12:57:30,559 [DEBUG] Executed callbacks before conditions.
2026-05-31 12:57:30,559 [DEBUG] Executed callback before transition.
2026-05-31 12:57:30,559 [DEBUG] Exiting state GAME_STARTING. Processing callbacks...
2026-05-31 12:57:30,559 [INFO] Finished processing state GAME_STARTING exit callbacks.
2026-05-31 12:57:30,559 [DEBUG] Entering state GAME_BATTLE. Processing callbacks...
2026-05-31 12:57:30,559 [INFO] Executed callback 'on_enter_GAME_BATTLE'
2026-05-31 12:57:30,559 [INFO] Finished processing state GAME_BATTLE enter callbacks.
2026-05-31 12:57:30,559 [DEBUG] Executed callback after transition.
2026-05-31 12:57:30,559 [DEBUG] Executed machine finalize callbacks
2026-05-31 12:57:30,559 [INFO] Controller: mission 'j20' started → GAME_BATTLE
2026-05-31 12:57:30,559 [INFO] [92mController: mission_j20 - starting mission sequence (lock acquired)[0m
2026-05-31 12:57:30,559 [INFO] Controller: game_starting loop stopped
2026-05-31 12:57:30,559 [DEBUG] Controller: nose_up - pressing 'i' key for 2.0 seconds
2026-05-31 12:57:30,559 [DEBUG] Controller: using keyboard library for 'i' press
2026-05-31 12:57:31,136 [DEBUG] Background OCR scheduled
2026-05-31 12:57:31,226 [INFO] [96m🎮 Game state: GAME_STARTING → GAME_BATTLE[0m
2026-05-31 12:57:31,339 [DEBUG] Respawn OCR results: []
2026-05-31 12:57:31,407 [DEBUG] Analyzer: No match in INCOMING region — raw OCR: binary_otsu_up_1p4='4742'
2026-05-31 12:57:31,407 [DEBUG] Analyzer: Health OCR returned no digits (grace timer started)
2026-05-31 12:57:31,407 [DEBUG] Analyzer: Parallel OCR Timings - Extract: 0.00s, Submit: 0.00s | Respawn OCR: 0.20s | Incoming OCR: 0.27s | Health OCR: 0.23s | Flares OCR: 0.13s | Missiles OCR: 0.18s | Total: 0.27s
2026-05-31 12:57:32,588 [DEBUG] Controller: nose_up complete
2026-05-31 12:57:32,589 [INFO] Controller: search_and_destroy padlock loop started
2026-05-31 12:57:32,589 [DEBUG] [94mController: padlock_camera - pressing 'p' key for 0.1 seconds[0m
2026-05-31 12:57:32,589 [DEBUG] Controller: using keyboard library for 'p' press
2026-05-31 12:57:32,590 [INFO] Controller: search_and_destroy weapon loop started
2026-05-31 12:57:32,591 [DEBUG] [95mController: fire_active_weapon - pressing 'f' key for 0.1 seconds[0m
2026-05-31 12:57:32,591 [DEBUG] Controller: using keyboard library for 'f' press
2026-05-31 12:57:32,590 [INFO] Controller: search_and_destroy_loop started
2026-05-31 12:57:32,591 [INFO] Controller: mission_j20 background loops started
2026-05-31 12:57:32,591 [DEBUG] Controller: afterburner - pressing 'e' key for 20.0 seconds
2026-05-31 12:57:32,591 [DEBUG] Controller: using keyboard library for 'e' press
2026-05-31 12:57:32,630 [DEBUG] Background OCR scheduled
2026-05-31 12:57:32,719 [DEBUG] Controller: fire_active_weapon complete
2026-05-31 12:57:32,719 [DEBUG] [94mController: padlock_camera complete[0m
2026-05-31 12:57:32,807 [DEBUG] Respawn OCR results: []
2026-05-31 12:57:32,893 [DEBUG] Analyzer: No match in INCOMING region — raw OCR: binary_otsu_up_1p4='4742'
2026-05-31 12:57:32,893 [DEBUG] Analyzer: Health OCR no digits (1.5s elapsed, 3s threshold)
2026-05-31 12:57:32,893 [DEBUG] Analyzer: Parallel OCR Timings - Extract: 0.00s, Submit: 0.00s | Respawn OCR: 0.18s | Incoming OCR: 0.26s | Health OCR: 0.20s | Flares OCR: 0.15s | Missiles OCR: 0.17s | Total: 0.26s
2026-05-31 12:57:33,755 [DEBUG] [95mController: fire_active_weapon - pressing 'f' key for 0.1 seconds[0m
2026-05-31 12:57:33,755 [DEBUG] Controller: using keyboard library for 'f' press
2026-05-31 12:57:33,872 [DEBUG] Controller: fire_active_weapon complete
2026-05-31 12:57:34,152 [DEBUG] Background OCR scheduled
2026-05-31 12:57:34,339 [DEBUG] Respawn OCR results: []
2026-05-31 12:57:34,432 [DEBUG] Analyzer: No match in INCOMING region — raw OCR: binary_otsu_up_1p4='4742'
2026-05-31 12:57:34,432 [DEBUG] Analyzer: Health OCR no digits for 3.0s → game_battle_alive=False
2026-05-31 12:57:34,432 [DEBUG] Analyzer: Parallel OCR Timings - Extract: 0.00s, Submit: 0.00s | Respawn OCR: 0.19s | Incoming OCR: 0.28s | Health OCR: 0.19s | Flares OCR: 0.13s | Missiles OCR: 0.15s | Total: 0.28s
2026-05-31 12:57:34,955 [DEBUG] [95mController: fire_active_weapon - pressing 'f' key for 0.1 seconds[0m
2026-05-31 12:57:34,955 [DEBUG] Controller: using keyboard library for 'f' press
2026-05-31 12:57:35,057 [DEBUG] Controller: fire_active_weapon complete
2026-05-31 12:57:35,657 [DEBUG] Background OCR scheduled
2026-05-31 12:57:35,888 [DEBUG] Respawn OCR results: []
2026-05-31 12:57:36,073 [DEBUG] Analyzer: No match in INCOMING region — raw OCR: binary_otsu_up_1p4='4742'
2026-05-31 12:57:36,073 [DEBUG] Analyzer: Health OCR no digits for 4.7s → game_battle_alive=False
2026-05-31 12:57:36,073 [DEBUG] Analyzer: Parallel OCR Timings - Extract: 0.00s, Submit: 0.00s | Respawn OCR: 0.23s | Incoming OCR: 0.42s | Health OCR: 0.26s | Flares OCR: 0.18s | Missiles OCR: 0.21s | Total: 0.42s
2026-05-31 12:57:36,138 [DEBUG] [95mController: fire_active_weapon - pressing 'f' key for 0.1 seconds[0m
2026-05-31 12:57:36,139 [DEBUG] Controller: using keyboard library for 'f' press
2026-05-31 12:57:36,255 [DEBUG] Controller: fire_active_weapon complete
2026-05-31 12:57:37,173 [DEBUG] Background OCR scheduled
2026-05-31 12:57:37,323 [DEBUG] [95mController: fire_active_weapon - pressing 'f' key for 0.1 seconds[0m
2026-05-31 12:57:37,323 [DEBUG] Controller: using keyboard library for 'f' press
2026-05-31 12:57:37,383 [DEBUG] Respawn OCR results: []
2026-05-31 12:57:37,440 [DEBUG] Controller: fire_active_weapon complete
2026-05-31 12:57:37,552 [DEBUG] Analyzer: No match in INCOMING region — raw OCR: binary_otsu_up_1p4='4742'
2026-05-31 12:57:37,552 [DEBUG] Analyzer: Health OCR no digits for 6.1s → game_battle_alive=False
2026-05-31 12:57:37,552 [DEBUG] Analyzer: Parallel OCR Timings - Extract: 0.00s, Submit: 0.00s | Respawn OCR: 0.21s | Incoming OCR: 0.37s | Health OCR: 0.25s | Flares OCR: 0.16s | Missiles OCR: 0.20s | Total: 0.38s
2026-05-31 12:57:38,505 [DEBUG] [95mController: fire_active_weapon - pressing 'f' key for 0.1 seconds[0m
2026-05-31 12:57:38,505 [DEBUG] Controller: using keyboard library for 'f' press
2026-05-31 12:57:38,606 [DEBUG] Controller: fire_active_weapon complete
2026-05-31 12:57:38,692 [DEBUG] Background OCR scheduled
2026-05-31 12:57:38,879 [DEBUG] Respawn OCR results: []
2026-05-31 12:57:38,904 [DEBUG] Analyzer: No text detected in INCOMING region
2026-05-31 12:57:38,906 [INFO] Health: 224 | alive=True
2026-05-31 12:57:38,906 [INFO] Analyzer: health alive transition False→True — resetting health ceiling
2026-05-31 12:57:38,906 [INFO] Ammo flares: 6
2026-05-31 12:57:38,906 [INFO] Ammo missiles: 0
2026-05-31 12:57:38,906 [DEBUG] Analyzer: Parallel OCR Timings - Extract: 0.00s, Submit: 0.00s | Respawn OCR: 0.19s | Incoming OCR: 0.21s | Health OCR: 0.21s | Flares OCR: 0.19s | Missiles OCR: 0.20s | Total: 0.21s
2026-05-31 12:57:39,004 [DEBUG] [94mController: padlock_camera - pressing 'p' key for 0.1 seconds[0m
2026-05-31 12:57:39,004 [DEBUG] Controller: using keyboard library for 'p' press
2026-05-31 12:57:39,122 [DEBUG] [94mController: padlock_camera complete[0m
2026-05-31 12:57:39,673 [DEBUG] [95mController: fire_active_weapon - pressing 'f' key for 0.1 seconds[0m
2026-05-31 12:57:39,673 [DEBUG] Controller: using keyboard library for 'f' press
2026-05-31 12:57:39,789 [DEBUG] Controller: fire_active_weapon complete
2026-05-31 12:57:40,189 [INFO] [91m🚀 MISSILES EMPTY — cancelling mission and ejecting[0m
2026-05-31 12:57:40,189 [INFO] [91mController: cancel_mission called[0m
2026-05-31 12:57:40,190 [DEBUG] Controller: weapon loop not running
2026-05-31 12:57:40,190 [DEBUG] Controller: afterburner cancelled
2026-05-31 12:57:40,190 [DEBUG] Controller: afterburner complete
2026-05-31 12:57:40,190 [INFO] Controller: mission cancelled after afterburner
2026-05-31 12:57:40,190 [INFO] [91mController: mission_j20 - lock released[0m
2026-05-31 12:57:40,192 [INFO] Controller: eject_and_dive — NOSE_DOWN + AFTERBURNER engaged
2026-05-31 12:57:40,207 [INFO] Controller: search_and_destroy weapon loop stopped
2026-05-31 12:57:40,217 [DEBUG] Background OCR scheduled
2026-05-31 12:57:40,305 [INFO] Controller: search_and_destroy padlock loop stopped
2026-05-31 12:57:40,392 [INFO] [91mController: mission_j20 - method exiting[0m
2026-05-31 12:57:40,540 [DEBUG] Respawn OCR results: []
2026-05-31 12:57:40,542 [DEBUG] Analyzer: No text detected in INCOMING region
2026-05-31 12:57:40,561 [INFO] Health: 224 | alive=True
2026-05-31 12:57:40,561 [INFO] Analyzer: health alive transition False→True — resetting health ceiling
2026-05-31 12:57:40,561 [INFO] Ammo flares: 6
2026-05-31 12:57:40,563 [INFO] Ammo missiles: 0
2026-05-31 12:57:40,563 [DEBUG] Analyzer: Parallel OCR Timings - Extract: 0.00s, Submit: 0.00s | Respawn OCR: 0.32s | Incoming OCR: 0.32s | Health OCR: 0.34s | Flares OCR: 0.29s | Missiles OCR: 0.30s | Total: 0.35s
2026-05-31 12:57:41,706 [INFO] [92m💚 HEALTH ALIVE — missiles empty, skipping restart[0m
2026-05-31 12:57:41,729 [INFO] Capture finished — exiting main loop
2026-05-31 12:57:41,731 [INFO] Capture updated all requested screenshots
2026-05-31 12:57:41,731 [INFO] Capture summary saved to tests\test-output\capture_summary.path1.live.json
2026-05-31 12:57:41,731 [INFO] Controller: all keyboard hooks deregistered
2026-05-31 12:57:41,731 [INFO] ThreadPoolExecutor shut down successfully
2026-05-31 12:57:41,731 [INFO] PerformanceTracker: session data written to docs\performance\current\run_20260531_125650.json
2026-05-31 12:57:41,756 [INFO] [SESSION vs CURRENT PERIOD | this session: 0 rounds 7 cycles | period: 10 sessions 444 cycles]
  crop                      this session  period mean  delta
  incoming        mean 0.30s p95 0.42s    1.07s      -72%   ✅ LARGE IMPROVEMENT
  respawn         mean 0.22s p95 0.32s    0.99s      -78%   ✅ LARGE IMPROVEMENT
  health          mean 0.24s p95 0.34s    0.97s      -75%   ✅ LARGE IMPROVEMENT
  ammo_flares     mean 0.18s p95 0.29s    0.87s      -80%   ✅ LARGE IMPROVEMENT
  ammo_missiles   mean 0.20s p95 0.30s    0.95s      -78%   ✅ LARGE IMPROVEMENT
2026-05-31 12:57:41,756 [INFO] [PERIOD COMPARISON] accumulating baseline (N=10 sessions, 444 cycles — need 5 sessions and 1000 cycles)
